2026-03-07 11:23:36,318 [INFO] Activator:176 - 


2026-03-07 11:23:36,319 [INFO] Activator:177 - !SESSION log4j initialized
2026-03-07 11:23:37,868 [ERROR] LogOutputStream:75 - [STDERR_REDIRECT] 
2026-03-07 11:23:39,743 [INFO] LogOutputStream:77 - [STDOUT_REDIRECT] 
2026-03-07 11:23:41,809 [INFO] ApplicationProperties:184 - Using Application install path: /Applications/STM32CubeIDE.app/Contents/Eclipse/plugins/com.st.stm32cube.common.mx_6.15.0.202507011659
2026-03-07 11:23:41,830 [INFO] DbMcusXml:78 - Set database path to: /Applications/STM32CubeIDE.app/Contents/Eclipse/plugins/com.st.stm32cube.common.mx_6.15.0.202507011659//db//mcu/
2026-03-07 11:23:41,830 [INFO] ApiDb:274 - Set plugin database path to: /Applications/STM32CubeIDE.app/Contents/Eclipse/plugins/com.st.stm32cube.common.mx_6.15.0.202507011659//db//plugins/boardmanager/
2026-03-07 11:23:41,830 [WARN] ApiDb:259 - Overriding images path with different value:  => /Applications/STM32CubeIDE.app/Contents/Eclipse/plugins/com.st.stm32cube.common.mx_6.15.0.202507011659//db//plugins/mcufinder/images/
2026-03-07 11:23:41,837 [INFO] ApiDb:250 - Set database path to: /Users/mahinnaveen/.stmcufinder/plugins/mcufinder//mcu/
2026-03-07 11:23:41,839 [INFO] DbMcusAds:125 - Set database path to: /Users/mahinnaveen/.stmcufinder/plugins/mcufinder//mcu/
2026-03-07 11:23:41,841 [INFO] CrossReferenceDbSqlite:203 - Set database path to: /Users/mahinnaveen/.stmcufinder/plugins/mcufinder//mcu/cs/
2026-03-07 11:23:41,974 [INFO] RulesReader:64 - Compatibility file has been processed (317 Rules)
2026-03-07 11:23:42,041 [INFO] DbMcusXml:78 - Set database path to: /Applications/STM32CubeIDE.app/Contents/Eclipse/plugins/com.st.stm32cube.common.mx_6.15.0.202507011659//db//mcu/
2026-03-07 11:23:42,041 [INFO] ApiDb:274 - Set plugin database path to: /Applications/STM32CubeIDE.app/Contents/Eclipse/plugins/com.st.stm32cube.common.mx_6.15.0.202507011659//db//plugins/boardmanager/
2026-03-07 11:23:42,041 [INFO] ApiDb:261 - Set plugin images path to: /Applications/STM32CubeIDE.app/Contents/Eclipse/plugins/com.st.stm32cube.common.mx_6.15.0.202507011659//db//plugins/mcufinder/images/
2026-03-07 11:23:42,041 [WARN] DbFile:41 - Overriding database path with different value: /Users/mahinnaveen/.stmcufinder/plugins/mcufinder/ => /Users/mahinnaveen/.stmcufinder/plugins/mcufinder
2026-03-07 11:23:42,041 [INFO] ApiDb:250 - Set database path to: /Users/mahinnaveen/.stmcufinder/plugins/mcufinder//mcu/
2026-03-07 11:23:42,041 [WARN] DbFile:41 - Overriding database path with different value: /Users/mahinnaveen/.stmcufinder/plugins/mcufinder/ => /Users/mahinnaveen/.stmcufinder/plugins/mcufinder
2026-03-07 11:23:42,041 [INFO] DbMcusAds:125 - Set database path to: /Users/mahinnaveen/.stmcufinder/plugins/mcufinder//mcu/
2026-03-07 11:23:42,042 [WARN] DbFile:41 - Overriding database path with different value: /Users/mahinnaveen/.stmcufinder/plugins/mcufinder/ => /Users/mahinnaveen/.stmcufinder/plugins/mcufinder
2026-03-07 11:23:42,042 [WARN] DbFile:41 - Overriding database path with different value: /Users/mahinnaveen/.stmcufinder/plugins/mcufinder/ => /Users/mahinnaveen/.stmcufinder/plugins/mcufinder
2026-03-07 11:23:42,042 [INFO] CrossReferenceDbSqlite:203 - Set database path to: /Users/mahinnaveen/.stmcufinder/plugins/mcufinder//mcu/cs/
2026-03-07 11:23:42,136 [INFO] MainPanel:274 - HeapMemory: 268435456
2026-03-07 11:23:43,323 [INFO] DbMcusXml:78 - Set database path to: /Applications/STM32CubeIDE.app/Contents/Eclipse/plugins/com.st.stm32cube.common.mx_6.15.0.202507011659//db//mcu/
2026-03-07 11:23:43,323 [INFO] ApiDb:274 - Set plugin database path to: /Applications/STM32CubeIDE.app/Contents/Eclipse/plugins/com.st.stm32cube.common.mx_6.15.0.202507011659//db//plugins/boardmanager/
2026-03-07 11:23:43,323 [INFO] ApiDb:261 - Set plugin images path to: /Applications/STM32CubeIDE.app/Contents/Eclipse/plugins/com.st.stm32cube.common.mx_6.15.0.202507011659//db//plugins/mcufinder/images/
2026-03-07 11:23:43,323 [WARN] DbFile:41 - Overriding database path with different value: /Users/mahinnaveen/.stmcufinder/plugins/mcufinder/ => /Users/mahinnaveen/.stmcufinder/plugins/mcufinder
2026-03-07 11:23:43,324 [INFO] ApiDb:250 - Set database path to: /Users/mahinnaveen/.stmcufinder/plugins/mcufinder//mcu/
2026-03-07 11:23:43,324 [WARN] DbFile:41 - Overriding database path with different value: /Users/mahinnaveen/.stmcufinder/plugins/mcufinder/ => /Users/mahinnaveen/.stmcufinder/plugins/mcufinder
2026-03-07 11:23:43,324 [INFO] DbMcusAds:125 - Set database path to: /Users/mahinnaveen/.stmcufinder/plugins/mcufinder//mcu/
2026-03-07 11:23:43,324 [WARN] DbFile:41 - Overriding database path with different value: /Users/mahinnaveen/.stmcufinder/plugins/mcufinder/ => /Users/mahinnaveen/.stmcufinder/plugins/mcufinder
2026-03-07 11:23:43,324 [WARN] DbFile:41 - Overriding database path with different value: /Users/mahinnaveen/.stmcufinder/plugins/mcufinder/ => /Users/mahinnaveen/.stmcufinder/plugins/mcufinder
2026-03-07 11:23:43,324 [INFO] CrossReferenceDbSqlite:203 - Set database path to: /Users/mahinnaveen/.stmcufinder/plugins/mcufinder//mcu/cs/
2026-03-07 11:23:43,345 [INFO] ApplicationProperties:184 - Using Application install path: /Applications/STM32CubeIDE.app/Contents/Eclipse/plugins/com.st.stm32cube.common.mx_6.15.0.202507011659
2026-03-07 11:23:43,348 [INFO] PluginManage:196 - Search for loadable plugins [exclusion list=, ]
2026-03-07 11:23:43,350 [INFO] PluginManage:310 - Check plugin analytics
2026-03-07 11:23:43,536 [INFO] AnalyticsPlugin:253 - Accepted Software Licenses: STM32CubeMX.6.13.0
2026-03-07 11:23:43,537 [INFO] AnalyticsPlugin:255 - Accepted CMSIS Pack Licenses: 
2026-03-07 11:23:43,537 [INFO] AnalyticsPlugin:257 - Accepted Firmware Licenses: FW.F4.1.28.0
2026-03-07 11:23:43,540 [INFO] PluginManage:359 - Loaded plugin analytics (category:tool,tabindex:-1)
2026-03-07 11:23:43,540 [INFO] PluginManage:310 - Check plugin cadmodel
2026-03-07 11:23:43,547 [INFO] CADModel:105 - Init CAD model plugin
2026-03-07 11:23:43,547 [INFO] PluginManage:359 - Loaded plugin cadmodel (category:power,tabindex:5)
2026-03-07 11:23:43,548 [INFO] PluginManage:310 - Check plugin clock
2026-03-07 11:23:43,576 [INFO] PluginManage:359 - Loaded plugin clock (category:base,tabindex:2)
2026-03-07 11:23:43,576 [INFO] PluginManage:310 - Check plugin ddr
2026-03-07 11:23:43,580 [INFO] PluginManage:359 - Loaded plugin ddr (category:tool,tabindex:6)
2026-03-07 11:23:43,580 [INFO] PluginManage:310 - Check plugin filemanager
2026-03-07 11:23:43,759 [INFO] PluginManage:359 - Loaded plugin filemanager (category:base,tabindex:10)
2026-03-07 11:23:43,760 [INFO] PluginManage:310 - Check plugin ipmanager
2026-03-07 11:23:43,768 [INFO] PluginManage:359 - Loaded plugin ipmanager (category:base,tabindex:5)
2026-03-07 11:23:43,768 [INFO] PluginManage:310 - Check plugin lpbam
2026-03-07 11:23:43,783 [INFO] PluginManage:359 - Loaded plugin lpbam (category:base,tabindex:0)
2026-03-07 11:23:43,783 [INFO] PluginManage:310 - Check plugin memorymap
2026-03-07 11:23:43,813 [INFO] PluginManage:359 - Loaded plugin memorymap (category:base,tabindex:4)
2026-03-07 11:23:43,813 [INFO] PluginManage:310 - Check plugin pinoutandconfiguration
2026-03-07 11:23:43,826 [INFO] PluginManage:359 - Loaded plugin pinoutandconfiguration (category:base,tabindex:1)
2026-03-07 11:23:43,826 [INFO] PluginManage:310 - Check plugin pinoutconfig
2026-03-07 11:23:43,924 [WARN] SupportedApi:132 - Cannot load RTOS API schema: s4s-elt-must-match.1: The content of 'definitions' must match (annotation?, (simpleType | complexType)?, (unique | key | keyref)*)). A problem was found starting at: attribute.
2026-03-07 11:23:44,070 [INFO] PluginManage:359 - Loaded plugin pinoutconfig (category:base,tabindex:0)
2026-03-07 11:23:44,070 [INFO] PluginManage:310 - Check plugin power
2026-03-07 11:23:44,081 [INFO] PluginManage:359 - Loaded plugin power (category:power,tabindex:4)
2026-03-07 11:23:44,081 [INFO] PluginManage:310 - Check plugin projectmanager
2026-03-07 11:23:44,096 [INFO] PluginManage:359 - Loaded plugin projectmanager (category:projectmanager,tabindex:4)
2026-03-07 11:23:44,096 [INFO] PluginManage:310 - Check plugin rif
2026-03-07 11:23:44,107 [INFO] PluginManage:359 - Loaded plugin rif (category:base,tabindex:3)
2026-03-07 11:23:44,108 [INFO] PluginManage:310 - Check plugin thirdparty
2026-03-07 11:23:44,238 [INFO] PluginManage:359 - Loaded plugin thirdparty (category:base,tabindex:-1)
2026-03-07 11:23:44,238 [WARN] IntegrityCheckThread:84 - waiting for thirdparty lock release [integrity check]
2026-03-07 11:23:44,238 [INFO] PluginManage:310 - Check plugin tools
2026-03-07 11:23:44,238 [INFO] IntegrityCheckThread:86 - entering critical section [integrity check]
2026-03-07 11:23:44,239 [INFO] ThirdPartyUpdaterWithRetryManager:70 - Updater plugin not ready yet. [1/15]
2026-03-07 11:23:44,241 [INFO] PluginManage:359 - Loaded plugin tools (category:base,tabindex:7)
2026-03-07 11:23:44,241 [INFO] PluginManage:310 - Check plugin tutovideos
2026-03-07 11:23:44,441 [INFO] PluginManage:359 - Loaded plugin tutovideos (category:base,tabindex:-1)
2026-03-07 11:23:44,441 [INFO] PluginManage:310 - Check plugin updater
2026-03-07 11:23:44,463 [INFO] PluginManage:359 - Loaded plugin updater (category:base,tabindex:12)
2026-03-07 11:23:44,463 [INFO] PluginManage:310 - Check plugin userauth
2026-03-07 11:23:44,467 [INFO] UserAuth:118 - Init User Auth plugin
2026-03-07 11:23:44,468 [INFO] PluginManage:359 - Loaded plugin userauth (category:base,tabindex:14)
2026-03-07 11:23:44,469 [INFO] PluginManage:283 - PluginManage : Loaded plugins [18]
2026-03-07 11:23:44,657 [INFO] PinOutPanel:1589 - setPackage(No Configuration,No Configuration)
2026-03-07 11:23:44,735 [INFO] CADModel:165 - CPN selected for project level
2026-03-07 11:23:44,735 [INFO] CADModel:114 - Register for checkConnection events
2026-03-07 11:23:44,749 [INFO] IPUIPlugin:80 - create IPUIPlugin
2026-03-07 11:23:44,750 [INFO] PluginManager:220 - loadIPPluginJar : add mdma
2026-03-07 11:23:44,758 [INFO] IPUIPlugin:80 - create IPUIPlugin
2026-03-07 11:23:44,759 [INFO] PluginManager:220 - loadIPPluginJar : add freertos
2026-03-07 11:23:44,765 [INFO] IPUIPlugin:80 - create IPUIPlugin
2026-03-07 11:23:44,765 [INFO] PluginManager:220 - loadIPPluginJar : add gic
2026-03-07 11:23:44,776 [INFO] IPUIPlugin:80 - create IPUIPlugin
2026-03-07 11:23:44,776 [INFO] PluginManager:220 - loadIPPluginJar : add adc
2026-03-07 11:23:44,779 [INFO] IPUIPlugin:80 - create IPUIPlugin
2026-03-07 11:23:44,779 [INFO] PluginManager:220 - loadIPPluginJar : add gtzc
2026-03-07 11:23:44,781 [INFO] IPUIPlugin:80 - create IPUIPlugin
2026-03-07 11:23:44,781 [INFO] PluginManager:220 - loadIPPluginJar : add quadspi
2026-03-07 11:23:44,784 [INFO] IPUIPlugin:80 - create IPUIPlugin
2026-03-07 11:23:44,784 [INFO] PluginManager:220 - loadIPPluginJar : add aes
2026-03-07 11:23:44,788 [INFO] IPUIPlugin:80 - create IPUIPlugin
2026-03-07 11:23:44,788 [INFO] PluginManager:220 - loadIPPluginJar : add pdm2pcm
2026-03-07 11:23:44,790 [INFO] IPUIPlugin:80 - create IPUIPlugin
2026-03-07 11:23:44,790 [INFO] PluginManager:220 - loadIPPluginJar : add hash
2026-03-07 11:23:44,792 [INFO] IPUIPlugin:80 - create IPUIPlugin
2026-03-07 11:23:44,792 [INFO] PluginManager:220 - loadIPPluginJar : add tim
2026-03-07 11:23:44,794 [INFO] IPUIPlugin:80 - create IPUIPlugin
2026-03-07 11:23:44,794 [INFO] PluginManager:220 - loadIPPluginJar : add tsc
2026-03-07 11:23:44,797 [INFO] IPUIPlugin:80 - create IPUIPlugin
2026-03-07 11:23:44,797 [INFO] PluginManager:220 - loadIPPluginJar : add extmemmanager
2026-03-07 11:23:44,799 [INFO] IPUIPlugin:80 - create IPUIPlugin
2026-03-07 11:23:44,799 [INFO] PluginManager:220 - loadIPPluginJar : add ts
2026-03-07 11:23:44,800 [INFO] IPUIPlugin:80 - create IPUIPlugin
2026-03-07 11:23:44,801 [INFO] PluginManager:220 - loadIPPluginJar : add radio
2026-03-07 11:23:44,803 [INFO] IPUIPlugin:80 - create IPUIPlugin
2026-03-07 11:23:44,804 [INFO] PluginManager:220 - loadIPPluginJar : add can
2026-03-07 11:23:44,806 [INFO] IPUIPlugin:80 - create IPUIPlugin
2026-03-07 11:23:44,806 [INFO] PluginManager:220 - loadIPPluginJar : add dma3
2026-03-07 11:23:44,808 [INFO] IPUIPlugin:80 - create IPUIPlugin
2026-03-07 11:23:44,808 [INFO] PluginManager:220 - loadIPPluginJar : add dfsdm
2026-03-07 11:23:44,810 [INFO] IPUIPlugin:80 - create IPUIPlugin
2026-03-07 11:23:44,810 [INFO] PluginManager:220 - loadIPPluginJar : add spi
2026-03-07 11:23:44,812 [INFO] IPUIPlugin:80 - create IPUIPlugin
2026-03-07 11:23:44,812 [INFO] PluginManager:220 - loadIPPluginJar : add gfxmmu
2026-03-07 11:23:44,814 [INFO] IPUIPlugin:80 - create IPUIPlugin
2026-03-07 11:23:44,814 [INFO] PluginManager:220 - loadIPPluginJar : add genericplugin
2026-03-07 11:23:44,816 [INFO] IPUIPlugin:80 - create IPUIPlugin
2026-03-07 11:23:44,816 [INFO] PluginManager:220 - loadIPPluginJar : add cryp
2026-03-07 11:23:44,820 [INFO] IPUIPlugin:80 - create IPUIPlugin
2026-03-07 11:23:44,820 [INFO] PluginManager:220 - loadIPPluginJar : add gpio
2026-03-07 11:23:44,823 [INFO] IPUIPlugin:80 - create IPUIPlugin
2026-03-07 11:23:44,823 [INFO] PluginManager:220 - loadIPPluginJar : add ddr_ctrl_phy
2026-03-07 11:23:44,825 [INFO] IPUIPlugin:80 - create IPUIPlugin
2026-03-07 11:23:44,825 [INFO] PluginManager:220 - loadIPPluginJar : add comp
2026-03-07 11:23:44,826 [INFO] IPUIPlugin:80 - create IPUIPlugin
2026-03-07 11:23:44,827 [INFO] PluginManager:220 - loadIPPluginJar : add tracer_emb
2026-03-07 11:23:44,829 [INFO] IPUIPlugin:80 - create IPUIPlugin
2026-03-07 11:23:44,830 [INFO] PluginManager:220 - loadIPPluginJar : add openamp
2026-03-07 11:23:44,835 [INFO] IPUIPlugin:80 - create IPUIPlugin
2026-03-07 11:23:44,835 [INFO] PluginManager:220 - loadIPPluginJar : add stm32_wpan
2026-03-07 11:23:44,841 [INFO] IPUIPlugin:80 - create IPUIPlugin
2026-03-07 11:23:44,843 [INFO] PluginManager:220 - loadIPPluginJar : add plateformsettings
2026-03-07 11:23:44,847 [INFO] IPUIPlugin:80 - create IPUIPlugin
2026-03-07 11:23:44,847 [INFO] PluginManager:220 - loadIPPluginJar : add ipddr
2026-03-07 11:23:44,850 [INFO] IPUIPlugin:80 - create IPUIPlugin
2026-03-07 11:23:44,850 [INFO] PluginManager:220 - loadIPPluginJar : add usart
2026-03-07 11:23:44,851 [INFO] IPUIPlugin:80 - create IPUIPlugin
2026-03-07 11:23:44,851 [INFO] PluginManager:220 - loadIPPluginJar : add ltdc
2026-03-07 11:23:44,854 [INFO] IPUIPlugin:80 - create IPUIPlugin
2026-03-07 11:23:44,854 [INFO] PluginManager:220 - loadIPPluginJar : add nvic
2026-03-07 11:23:44,856 [INFO] IPUIPlugin:80 - create IPUIPlugin
2026-03-07 11:23:44,856 [INFO] PluginManager:220 - loadIPPluginJar : add fatfs
2026-03-07 11:23:44,863 [INFO] IPUIPlugin:80 - create IPUIPlugin
2026-03-07 11:23:44,863 [INFO] PluginManager:220 - loadIPPluginJar : add linkedlist
2026-03-07 11:23:44,869 [INFO] IPUIPlugin:80 - create IPUIPlugin
2026-03-07 11:23:44,869 [INFO] PluginManager:220 - loadIPPluginJar : add dma
2026-03-07 11:23:44,873 [INFO] IPUIPlugin:80 - create IPUIPlugin
2026-03-07 11:23:44,873 [INFO] PluginManager:220 - loadIPPluginJar : add fmc
2026-03-07 11:23:44,875 [INFO] IPUIPlugin:80 - create IPUIPlugin
2026-03-07 11:23:44,875 [INFO] PluginManager:220 - loadIPPluginJar : add i2s
2026-03-07 11:23:44,877 [INFO] IPUIPlugin:80 - create IPUIPlugin
2026-03-07 11:23:44,877 [INFO] PluginManager:220 - loadIPPluginJar : add ucpd
2026-03-07 11:23:44,879 [INFO] IPUIPlugin:80 - create IPUIPlugin
2026-03-07 11:23:44,879 [INFO] PluginManager:220 - loadIPPluginJar : add lorawan
2026-03-07 11:23:44,881 [INFO] IPUIPlugin:80 - create IPUIPlugin
2026-03-07 11:23:44,881 [INFO] PluginManager:220 - loadIPPluginJar : add opamp
2026-03-07 11:23:44,884 [INFO] IPUIPlugin:80 - create IPUIPlugin
2026-03-07 11:23:44,884 [INFO] PluginManager:220 - loadIPPluginJar : add i3c
2026-03-07 11:23:44,887 [INFO] IPUIPlugin:80 - create IPUIPlugin
2026-03-07 11:23:44,887 [INFO] PluginManager:220 - loadIPPluginJar : add touchsensing
2026-03-07 11:23:44,890 [INFO] IPUIPlugin:80 - create IPUIPlugin
2026-03-07 11:23:44,890 [INFO] PluginManager:220 - loadIPPluginJar : add i2c
2026-03-07 11:23:44,894 [INFO] IPUIPlugin:80 - create IPUIPlugin
2026-03-07 11:23:44,894 [INFO] PluginManager:220 - loadIPPluginJar : add resmgrutility
2026-03-07 11:23:44,896 [INFO] IPUIPlugin:80 - create IPUIPlugin
2026-03-07 11:23:44,896 [INFO] PluginManager:220 - loadIPPluginJar : add sai
2026-03-07 11:23:44,899 [INFO] IPUIPlugin:80 - create IPUIPlugin
2026-03-07 11:23:44,899 [INFO] PluginManager:220 - loadIPPluginJar : add usbx
2026-03-07 11:23:45,001 [FATAL] Updater:351 - Updater called before beeing initialized
2026-03-07 11:23:45,025 [INFO] RulesReader:64 - Compatibility file has been processed (317 Rules)
2026-03-07 11:23:45,036 [INFO] RulesReader:64 - Compatibility file has been processed (317 Rules)
2026-03-07 11:23:45,043 [INFO] CADModel:165 - CPN selected for project level
2026-03-07 11:23:45,043 [INFO] CADModel:114 - Register for checkConnection events
2026-03-07 11:23:45,043 [FATAL] Updater:351 - Updater called before beeing initialized
2026-03-07 11:23:45,043 [ERROR] CADModel:125 - Updater not yet initialized, retry later 
2026-03-07 11:23:45,224 [FATAL] Updater:351 - Updater called before beeing initialized
2026-03-07 11:23:45,227 [INFO] CADModel:165 - CPN selected for project level
2026-03-07 11:23:45,227 [INFO] CADModel:114 - Register for checkConnection events
2026-03-07 11:23:45,227 [FATAL] Updater:351 - Updater called before beeing initialized
2026-03-07 11:23:45,227 [ERROR] CADModel:125 - Updater not yet initialized, retry later 
2026-03-07 11:23:45,231 [FATAL] Updater:351 - Updater called before beeing initialized
2026-03-07 11:23:45,320 [FATAL] Updater:351 - Updater called before beeing initialized
2026-03-07 11:23:45,327 [INFO] DbMcusAds:53 - JSON generation date=Tue Feb 10 06:16:36 CST 2026 (1770725796257)
2026-03-07 11:23:45,328 [FATAL] Updater:351 - Updater called before beeing initialized
2026-03-07 11:23:45,393 [WARN] DetailPanel:346 - Failed to get advertising image, set to default
2026-03-07 11:23:45,468 [FATAL] Updater:351 - Updater called before beeing initialized
2026-03-07 11:23:45,470 [FATAL] Updater:351 - Updater called before beeing initialized
2026-03-07 11:23:45,470 [FATAL] Updater:351 - Updater called before beeing initialized
2026-03-07 11:23:45,471 [WARN] DetailPanel:346 - Failed to get advertising image, set to default
2026-03-07 11:23:45,471 [FATAL] Updater:351 - Updater called before beeing initialized
2026-03-07 11:23:45,501 [ERROR] Updater:1198 - MainUpdater not yet initialized. External WinMGr cannot be set.
2026-03-07 11:23:45,502 [INFO] Updater:1134 - Updater Version found : 6.15.0
2026-03-07 11:23:45,523 [INFO] ApplicationProperties:184 - Using Application install path: /Applications/STM32CubeIDE.app/Contents/Eclipse/plugins/com.st.stm32cube.common.mx_6.15.0.202507011659
2026-03-07 11:23:45,819 [INFO] MainUpdater:2872 - connection check result : 10
2026-03-07 11:23:45,819 [INFO] MainUpdater:3604 - Updater definition file requires update
2026-03-07 11:23:45,820 [INFO] MainUpdater:289 - Updater Check For Update Now.
2026-03-07 11:23:45,820 [INFO] MicroXplorer:498 - Change Database Version : DB.6.0.150
2026-03-07 11:23:45,825 [INFO] McuFinderGlobals:63 - Set McuFinder mode to 2 (CubeIDE integrated)
2026-03-07 11:23:45,826 [INFO] UserAuth:487 - Internet connection configuration mode: 1
2026-03-07 11:23:45,849 [INFO] JxBrowserEngine:152 - Initiate JxBrowser Engine with user profile folder
2026-03-07 11:23:45,857 [INFO] ServerAccessManage:452 - Complete download http(s) 200
2026-03-07 11:23:45,858 [INFO] ServerAccessManage:509 - Download File updaters.zip
2026-03-07 11:23:45,921 [INFO] FileExtend:248 - Unzip File : updaters.zip
2026-03-07 11:23:45,921 [INFO] FileExtend:263 - Standard Zip Deflate
2026-03-07 11:23:46,170 [INFO] ServerAccessManage:452 - Complete download http(s) 200
2026-03-07 11:23:46,170 [INFO] ServerAccessManage:509 - Download File PacksControlFlags.xml
2026-03-07 11:23:46,260 [INFO] ServerAccessManage:452 - Complete download http(s) 200
2026-03-07 11:23:46,261 [INFO] ServerAccessManage:509 - Download File cubemx.pidx
2026-03-07 11:23:46,907 [INFO] ServerAccessManage:452 - Complete download http(s) 200
2026-03-07 11:23:46,908 [INFO] ServerAccessManage:509 - Download File STMicroelectronics.X-CUBE-FREERTOS.pdsc
2026-03-07 11:23:47,239 [WARN] MainUpdater:1193 - Updater busy. Cannot search thirdparties
2026-03-07 11:23:47,240 [INFO] ThirdPartyUpdaterWithRetryManager:96 - Updater plugin is busy. [1/15]
2026-03-07 11:23:47,580 [INFO] ServerAccessManage:452 - Complete download http(s) 200
2026-03-07 11:23:47,581 [INFO] ServerAccessManage:509 - Download File STMicroelectronics.X-CUBE-TOUCHGFX.pdsc
2026-03-07 11:23:47,961 [INFO] WebApp:169 - Instantiating new browser for Auth
2026-03-07 11:23:49,142 [INFO] WebApp:463 - Apply proxy settings
2026-03-07 11:23:49,181 [INFO] WebApp:508 - Chromium authenticates against Manually configured proxy
2026-03-07 11:23:49,232 [INFO] ServerAccessManage:452 - Complete download http(s) 200
2026-03-07 11:23:49,240 [INFO] WebApp:516 - Username used for proxy authentication: 
2026-03-07 11:23:49,268 [INFO] ServerAccessManage:509 - Download File STMicroelectronics.X-CUBE-AZRTOS-H7.pdsc
2026-03-07 11:23:49,332 [INFO] WebApp:900 - Register for checkConnection events
2026-03-07 11:23:49,365 [INFO] WebApp:463 - Apply proxy settings
2026-03-07 11:23:49,405 [INFO] WebApp:508 - Chromium authenticates against Manually configured proxy
2026-03-07 11:23:49,440 [INFO] WebApp:516 - Username used for proxy authentication: 
2026-03-07 11:23:49,723 [INFO] WebApp:225 - Starting web application
2026-03-07 11:23:49,726 [INFO] WebApp:593 - Web application path used /Applications/STM32CubeIDE.app/Contents/Eclipse/plugins/com.st.stm32cube.common.mx_6.15.0.202507011659/db/plugins/mcufinder/reactClient1/index.html
2026-03-07 11:23:49,880 [INFO] UserAuth:487 - Internet connection configuration mode: 1
2026-03-07 11:23:50,244 [WARN] MainUpdater:1193 - Updater busy. Cannot search thirdparties
2026-03-07 11:23:50,262 [INFO] ThirdPartyUpdaterWithRetryManager:96 - Updater plugin is busy. [2/15]
2026-03-07 11:23:50,362 [INFO] WebApp:191 - Connection restablished
2026-03-07 11:23:51,606 [WARN] PackLoader:240 - Cannot read IP mode file for STMicroelectronics.X-CUBE-FREERTOS.1.5.0
2026-03-07 11:23:51,612 [WARN] PackLoader:240 - Cannot read IP mode file for STMicroelectronics.X-CUBE-TOUCHGFX.4.26.1
2026-03-07 11:23:51,650 [WARN] PackLoader:240 - Cannot read IP mode file for STMicroelectronics.X-CUBE-AZRTOS-H7.3.5.0
2026-03-07 11:23:51,658 [INFO] PopulateThirdPartyThread:66 - Ending populate Thread
2026-03-07 11:23:51,660 [INFO] ThirdParty:1030 - CMSIS Pack Vendor :STMicroelectronics X-CUBE-FREERTOS 1.5.0
2026-03-07 11:23:51,660 [INFO] ThirdParty:1030 - CMSIS Pack Vendor :STMicroelectronics X-CUBE-AZRTOS-H7 3.5.0
2026-03-07 11:23:51,660 [INFO] ThirdParty:1030 - CMSIS Pack Vendor :STMicroelectronics X-CUBE-TOUCHGFX 4.26.1
2026-03-07 11:23:51,661 [INFO] LoadServerUpdatesThread:375 - End of LoadServerUpdate Thread
2026-03-07 11:23:51,730 [INFO] CheckServerUpdateThread:120 - End of CheckServer Thread
2026-03-07 11:23:53,278 [ERROR] LogOutputStream:75 - [STDERR_REDIRECT] 
