2026-02-24 19:49:03,221 [INFO] Activator:176 - 


2026-02-24 19:49:03,228 [INFO] Activator:177 - !SESSION log4j initialized
2026-02-24 19:49:06,829 [INFO] LogOutputStream:77 - [STDOUT_REDIRECT] 
2026-02-24 19:49:08,015 [ERROR] LogOutputStream:75 - [STDERR_REDIRECT] 
2026-02-24 19:49:10,302 [INFO] LogOutputStream:77 - [STDOUT_REDIRECT] 
2026-02-24 19:49:11,646 [INFO] ApplicationProperties:184 - Using Application install path: /Applications/STM32CubeIDE.app/Contents/Eclipse/plugins/com.st.stm32cube.common.mx_6.15.0.202507011659
2026-02-24 19:49:11,673 [INFO] DbMcusXml:78 - Set database path to: /Applications/STM32CubeIDE.app/Contents/Eclipse/plugins/com.st.stm32cube.common.mx_6.15.0.202507011659//db//mcu/
2026-02-24 19:49:11,673 [INFO] ApiDb:274 - Set plugin database path to: /Applications/STM32CubeIDE.app/Contents/Eclipse/plugins/com.st.stm32cube.common.mx_6.15.0.202507011659//db//plugins/boardmanager/
2026-02-24 19:49:11,674 [WARN] ApiDb:259 - Overriding images path with different value:  => /Applications/STM32CubeIDE.app/Contents/Eclipse/plugins/com.st.stm32cube.common.mx_6.15.0.202507011659//db//plugins/mcufinder/images/
2026-02-24 19:49:11,683 [INFO] ApiDb:250 - Set database path to: /Users/mahinnaveen/.stmcufinder/plugins/mcufinder//mcu/
2026-02-24 19:49:11,685 [INFO] DbMcusAds:125 - Set database path to: /Users/mahinnaveen/.stmcufinder/plugins/mcufinder//mcu/
2026-02-24 19:49:11,689 [INFO] CrossReferenceDbSqlite:203 - Set database path to: /Users/mahinnaveen/.stmcufinder/plugins/mcufinder//mcu/cs/
2026-02-24 19:49:11,836 [INFO] RulesReader:64 - Compatibility file has been processed (317 Rules)
2026-02-24 19:49:11,904 [INFO] DbMcusXml:78 - Set database path to: /Applications/STM32CubeIDE.app/Contents/Eclipse/plugins/com.st.stm32cube.common.mx_6.15.0.202507011659//db//mcu/
2026-02-24 19:49:11,904 [INFO] ApiDb:274 - Set plugin database path to: /Applications/STM32CubeIDE.app/Contents/Eclipse/plugins/com.st.stm32cube.common.mx_6.15.0.202507011659//db//plugins/boardmanager/
2026-02-24 19:49:11,904 [INFO] ApiDb:261 - Set plugin images path to: /Applications/STM32CubeIDE.app/Contents/Eclipse/plugins/com.st.stm32cube.common.mx_6.15.0.202507011659//db//plugins/mcufinder/images/
2026-02-24 19:49:11,905 [WARN] DbFile:41 - Overriding database path with different value: /Users/mahinnaveen/.stmcufinder/plugins/mcufinder/ => /Users/mahinnaveen/.stmcufinder/plugins/mcufinder
2026-02-24 19:49:11,905 [INFO] ApiDb:250 - Set database path to: /Users/mahinnaveen/.stmcufinder/plugins/mcufinder//mcu/
2026-02-24 19:49:11,905 [WARN] DbFile:41 - Overriding database path with different value: /Users/mahinnaveen/.stmcufinder/plugins/mcufinder/ => /Users/mahinnaveen/.stmcufinder/plugins/mcufinder
2026-02-24 19:49:11,905 [INFO] DbMcusAds:125 - Set database path to: /Users/mahinnaveen/.stmcufinder/plugins/mcufinder//mcu/
2026-02-24 19:49:11,905 [WARN] DbFile:41 - Overriding database path with different value: /Users/mahinnaveen/.stmcufinder/plugins/mcufinder/ => /Users/mahinnaveen/.stmcufinder/plugins/mcufinder
2026-02-24 19:49:11,905 [WARN] DbFile:41 - Overriding database path with different value: /Users/mahinnaveen/.stmcufinder/plugins/mcufinder/ => /Users/mahinnaveen/.stmcufinder/plugins/mcufinder
2026-02-24 19:49:11,905 [INFO] CrossReferenceDbSqlite:203 - Set database path to: /Users/mahinnaveen/.stmcufinder/plugins/mcufinder//mcu/cs/
2026-02-24 19:49:11,996 [INFO] MainPanel:274 - HeapMemory: 284164096
2026-02-24 19:49:12,967 [INFO] DbMcusXml:78 - Set database path to: /Applications/STM32CubeIDE.app/Contents/Eclipse/plugins/com.st.stm32cube.common.mx_6.15.0.202507011659//db//mcu/
2026-02-24 19:49:12,967 [INFO] ApiDb:274 - Set plugin database path to: /Applications/STM32CubeIDE.app/Contents/Eclipse/plugins/com.st.stm32cube.common.mx_6.15.0.202507011659//db//plugins/boardmanager/
2026-02-24 19:49:12,968 [INFO] ApiDb:261 - Set plugin images path to: /Applications/STM32CubeIDE.app/Contents/Eclipse/plugins/com.st.stm32cube.common.mx_6.15.0.202507011659//db//plugins/mcufinder/images/
2026-02-24 19:49:12,968 [WARN] DbFile:41 - Overriding database path with different value: /Users/mahinnaveen/.stmcufinder/plugins/mcufinder/ => /Users/mahinnaveen/.stmcufinder/plugins/mcufinder
2026-02-24 19:49:12,973 [INFO] ApiDb:250 - Set database path to: /Users/mahinnaveen/.stmcufinder/plugins/mcufinder//mcu/
2026-02-24 19:49:12,973 [WARN] DbFile:41 - Overriding database path with different value: /Users/mahinnaveen/.stmcufinder/plugins/mcufinder/ => /Users/mahinnaveen/.stmcufinder/plugins/mcufinder
2026-02-24 19:49:12,973 [INFO] DbMcusAds:125 - Set database path to: /Users/mahinnaveen/.stmcufinder/plugins/mcufinder//mcu/
2026-02-24 19:49:12,973 [WARN] DbFile:41 - Overriding database path with different value: /Users/mahinnaveen/.stmcufinder/plugins/mcufinder/ => /Users/mahinnaveen/.stmcufinder/plugins/mcufinder
2026-02-24 19:49:12,973 [WARN] DbFile:41 - Overriding database path with different value: /Users/mahinnaveen/.stmcufinder/plugins/mcufinder/ => /Users/mahinnaveen/.stmcufinder/plugins/mcufinder
2026-02-24 19:49:12,973 [INFO] CrossReferenceDbSqlite:203 - Set database path to: /Users/mahinnaveen/.stmcufinder/plugins/mcufinder//mcu/cs/
2026-02-24 19:49:12,995 [INFO] ApplicationProperties:184 - Using Application install path: /Applications/STM32CubeIDE.app/Contents/Eclipse/plugins/com.st.stm32cube.common.mx_6.15.0.202507011659
2026-02-24 19:49:12,997 [INFO] PluginManage:196 - Search for loadable plugins [exclusion list=, ]
2026-02-24 19:49:12,999 [INFO] PluginManage:310 - Check plugin analytics
2026-02-24 19:49:13,185 [INFO] AnalyticsPlugin:253 - Accepted Software Licenses: STM32CubeMX.6.13.0
2026-02-24 19:49:13,185 [INFO] AnalyticsPlugin:255 - Accepted CMSIS Pack Licenses: 
2026-02-24 19:49:13,185 [INFO] AnalyticsPlugin:257 - Accepted Firmware Licenses: FW.F4.1.28.0
2026-02-24 19:49:13,187 [INFO] PluginManage:359 - Loaded plugin analytics (category:tool,tabindex:-1)
2026-02-24 19:49:13,187 [INFO] PluginManage:310 - Check plugin cadmodel
2026-02-24 19:49:13,195 [INFO] CADModel:105 - Init CAD model plugin
2026-02-24 19:49:13,195 [INFO] PluginManage:359 - Loaded plugin cadmodel (category:power,tabindex:5)
2026-02-24 19:49:13,195 [INFO] PluginManage:310 - Check plugin clock
2026-02-24 19:49:13,208 [INFO] PluginManage:359 - Loaded plugin clock (category:base,tabindex:2)
2026-02-24 19:49:13,208 [INFO] PluginManage:310 - Check plugin ddr
2026-02-24 19:49:13,212 [INFO] PluginManage:359 - Loaded plugin ddr (category:tool,tabindex:6)
2026-02-24 19:49:13,212 [INFO] PluginManage:310 - Check plugin filemanager
2026-02-24 19:49:13,394 [INFO] PluginManage:359 - Loaded plugin filemanager (category:base,tabindex:10)
2026-02-24 19:49:13,394 [INFO] PluginManage:310 - Check plugin ipmanager
2026-02-24 19:49:13,402 [INFO] PluginManage:359 - Loaded plugin ipmanager (category:base,tabindex:5)
2026-02-24 19:49:13,402 [INFO] PluginManage:310 - Check plugin lpbam
2026-02-24 19:49:13,417 [INFO] PluginManage:359 - Loaded plugin lpbam (category:base,tabindex:0)
2026-02-24 19:49:13,417 [INFO] PluginManage:310 - Check plugin memorymap
2026-02-24 19:49:13,438 [INFO] PluginManage:359 - Loaded plugin memorymap (category:base,tabindex:4)
2026-02-24 19:49:13,438 [INFO] PluginManage:310 - Check plugin pinoutandconfiguration
2026-02-24 19:49:13,449 [INFO] PluginManage:359 - Loaded plugin pinoutandconfiguration (category:base,tabindex:1)
2026-02-24 19:49:13,449 [INFO] PluginManage:310 - Check plugin pinoutconfig
2026-02-24 19:49:13,605 [WARN] SupportedApi:132 - Cannot load RTOS API schema: s4s-elt-must-match.1: The content of 'definitions' must match (annotation?, (simpleType | complexType)?, (unique | key | keyref)*)). A problem was found starting at: attribute.
2026-02-24 19:49:13,755 [INFO] PluginManage:359 - Loaded plugin pinoutconfig (category:base,tabindex:0)
2026-02-24 19:49:13,755 [INFO] PluginManage:310 - Check plugin power
2026-02-24 19:49:13,768 [INFO] PluginManage:359 - Loaded plugin power (category:power,tabindex:4)
2026-02-24 19:49:13,768 [INFO] PluginManage:310 - Check plugin projectmanager
2026-02-24 19:49:13,782 [INFO] PluginManage:359 - Loaded plugin projectmanager (category:projectmanager,tabindex:4)
2026-02-24 19:49:13,782 [INFO] PluginManage:310 - Check plugin rif
2026-02-24 19:49:13,796 [INFO] PluginManage:359 - Loaded plugin rif (category:base,tabindex:3)
2026-02-24 19:49:13,796 [INFO] PluginManage:310 - Check plugin thirdparty
2026-02-24 19:49:13,960 [INFO] PluginManage:359 - Loaded plugin thirdparty (category:base,tabindex:-1)
2026-02-24 19:49:13,960 [WARN] IntegrityCheckThread:84 - waiting for thirdparty lock release [integrity check]
2026-02-24 19:49:13,961 [INFO] PluginManage:310 - Check plugin tools
2026-02-24 19:49:13,961 [INFO] IntegrityCheckThread:86 - entering critical section [integrity check]
2026-02-24 19:49:13,961 [INFO] ThirdPartyUpdaterWithRetryManager:70 - Updater plugin not ready yet. [1/15]
2026-02-24 19:49:13,966 [INFO] PluginManage:359 - Loaded plugin tools (category:base,tabindex:7)
2026-02-24 19:49:13,967 [INFO] PluginManage:310 - Check plugin tutovideos
2026-02-24 19:49:14,253 [INFO] PluginManage:359 - Loaded plugin tutovideos (category:base,tabindex:-1)
2026-02-24 19:49:14,253 [INFO] PluginManage:310 - Check plugin updater
2026-02-24 19:49:14,278 [INFO] PluginManage:359 - Loaded plugin updater (category:base,tabindex:12)
2026-02-24 19:49:14,278 [INFO] PluginManage:310 - Check plugin userauth
2026-02-24 19:49:14,286 [INFO] UserAuth:118 - Init User Auth plugin
2026-02-24 19:49:14,287 [INFO] PluginManage:359 - Loaded plugin userauth (category:base,tabindex:14)
2026-02-24 19:49:14,288 [INFO] PluginManage:283 - PluginManage : Loaded plugins [18]
2026-02-24 19:49:14,583 [INFO] PinOutPanel:1589 - setPackage(No Configuration,No Configuration)
2026-02-24 19:49:14,669 [INFO] CADModel:165 - CPN selected for project level
2026-02-24 19:49:14,670 [INFO] CADModel:114 - Register for checkConnection events
2026-02-24 19:49:14,686 [INFO] IPUIPlugin:80 - create IPUIPlugin
2026-02-24 19:49:14,686 [INFO] PluginManager:220 - loadIPPluginJar : add mdma
2026-02-24 19:49:14,696 [INFO] IPUIPlugin:80 - create IPUIPlugin
2026-02-24 19:49:14,696 [INFO] PluginManager:220 - loadIPPluginJar : add freertos
2026-02-24 19:49:14,703 [INFO] IPUIPlugin:80 - create IPUIPlugin
2026-02-24 19:49:14,704 [INFO] PluginManager:220 - loadIPPluginJar : add gic
2026-02-24 19:49:14,717 [INFO] IPUIPlugin:80 - create IPUIPlugin
2026-02-24 19:49:14,717 [INFO] PluginManager:220 - loadIPPluginJar : add adc
2026-02-24 19:49:14,720 [INFO] IPUIPlugin:80 - create IPUIPlugin
2026-02-24 19:49:14,720 [INFO] PluginManager:220 - loadIPPluginJar : add gtzc
2026-02-24 19:49:14,723 [INFO] IPUIPlugin:80 - create IPUIPlugin
2026-02-24 19:49:14,723 [INFO] PluginManager:220 - loadIPPluginJar : add quadspi
2026-02-24 19:49:14,751 [INFO] IPUIPlugin:80 - create IPUIPlugin
2026-02-24 19:49:14,754 [INFO] PluginManager:220 - loadIPPluginJar : add aes
2026-02-24 19:49:14,764 [INFO] IPUIPlugin:80 - create IPUIPlugin
2026-02-24 19:49:14,764 [INFO] PluginManager:220 - loadIPPluginJar : add pdm2pcm
2026-02-24 19:49:14,768 [INFO] IPUIPlugin:80 - create IPUIPlugin
2026-02-24 19:49:14,768 [INFO] PluginManager:220 - loadIPPluginJar : add hash
2026-02-24 19:49:14,772 [INFO] IPUIPlugin:80 - create IPUIPlugin
2026-02-24 19:49:14,772 [INFO] PluginManager:220 - loadIPPluginJar : add tim
2026-02-24 19:49:14,775 [INFO] IPUIPlugin:80 - create IPUIPlugin
2026-02-24 19:49:14,775 [INFO] PluginManager:220 - loadIPPluginJar : add tsc
2026-02-24 19:49:14,786 [INFO] IPUIPlugin:80 - create IPUIPlugin
2026-02-24 19:49:14,787 [INFO] PluginManager:220 - loadIPPluginJar : add extmemmanager
2026-02-24 19:49:14,794 [INFO] IPUIPlugin:80 - create IPUIPlugin
2026-02-24 19:49:14,794 [INFO] PluginManager:220 - loadIPPluginJar : add ts
2026-02-24 19:49:14,798 [INFO] IPUIPlugin:80 - create IPUIPlugin
2026-02-24 19:49:14,799 [INFO] PluginManager:220 - loadIPPluginJar : add radio
2026-02-24 19:49:14,806 [INFO] IPUIPlugin:80 - create IPUIPlugin
2026-02-24 19:49:14,806 [INFO] PluginManager:220 - loadIPPluginJar : add can
2026-02-24 19:49:14,810 [INFO] IPUIPlugin:80 - create IPUIPlugin
2026-02-24 19:49:14,811 [INFO] PluginManager:220 - loadIPPluginJar : add dma3
2026-02-24 19:49:14,815 [INFO] IPUIPlugin:80 - create IPUIPlugin
2026-02-24 19:49:14,815 [INFO] PluginManager:220 - loadIPPluginJar : add dfsdm
2026-02-24 19:49:14,820 [INFO] IPUIPlugin:80 - create IPUIPlugin
2026-02-24 19:49:14,820 [INFO] PluginManager:220 - loadIPPluginJar : add spi
2026-02-24 19:49:14,825 [INFO] IPUIPlugin:80 - create IPUIPlugin
2026-02-24 19:49:14,825 [INFO] PluginManager:220 - loadIPPluginJar : add gfxmmu
2026-02-24 19:49:14,829 [INFO] IPUIPlugin:80 - create IPUIPlugin
2026-02-24 19:49:14,829 [INFO] PluginManager:220 - loadIPPluginJar : add genericplugin
2026-02-24 19:49:14,835 [INFO] IPUIPlugin:80 - create IPUIPlugin
2026-02-24 19:49:14,835 [INFO] PluginManager:220 - loadIPPluginJar : add cryp
2026-02-24 19:49:14,842 [INFO] IPUIPlugin:80 - create IPUIPlugin
2026-02-24 19:49:14,843 [INFO] PluginManager:220 - loadIPPluginJar : add gpio
2026-02-24 19:49:14,847 [INFO] IPUIPlugin:80 - create IPUIPlugin
2026-02-24 19:49:14,848 [INFO] PluginManager:220 - loadIPPluginJar : add ddr_ctrl_phy
2026-02-24 19:49:14,850 [INFO] IPUIPlugin:80 - create IPUIPlugin
2026-02-24 19:49:14,850 [INFO] PluginManager:220 - loadIPPluginJar : add comp
2026-02-24 19:49:14,855 [INFO] IPUIPlugin:80 - create IPUIPlugin
2026-02-24 19:49:14,855 [INFO] PluginManager:220 - loadIPPluginJar : add tracer_emb
2026-02-24 19:49:14,859 [INFO] IPUIPlugin:80 - create IPUIPlugin
2026-02-24 19:49:14,859 [INFO] PluginManager:220 - loadIPPluginJar : add openamp
2026-02-24 19:49:14,869 [INFO] IPUIPlugin:80 - create IPUIPlugin
2026-02-24 19:49:14,869 [INFO] PluginManager:220 - loadIPPluginJar : add stm32_wpan
2026-02-24 19:49:14,878 [INFO] IPUIPlugin:80 - create IPUIPlugin
2026-02-24 19:49:14,881 [INFO] PluginManager:220 - loadIPPluginJar : add plateformsettings
2026-02-24 19:49:14,888 [INFO] IPUIPlugin:80 - create IPUIPlugin
2026-02-24 19:49:14,888 [INFO] PluginManager:220 - loadIPPluginJar : add ipddr
2026-02-24 19:49:14,891 [INFO] IPUIPlugin:80 - create IPUIPlugin
2026-02-24 19:49:14,891 [INFO] PluginManager:220 - loadIPPluginJar : add usart
2026-02-24 19:49:14,893 [INFO] IPUIPlugin:80 - create IPUIPlugin
2026-02-24 19:49:14,893 [INFO] PluginManager:220 - loadIPPluginJar : add ltdc
2026-02-24 19:49:14,897 [INFO] IPUIPlugin:80 - create IPUIPlugin
2026-02-24 19:49:14,898 [INFO] PluginManager:220 - loadIPPluginJar : add nvic
2026-02-24 19:49:14,900 [INFO] IPUIPlugin:80 - create IPUIPlugin
2026-02-24 19:49:14,901 [INFO] PluginManager:220 - loadIPPluginJar : add fatfs
2026-02-24 19:49:14,913 [INFO] IPUIPlugin:80 - create IPUIPlugin
2026-02-24 19:49:14,914 [INFO] PluginManager:220 - loadIPPluginJar : add linkedlist
2026-02-24 19:49:14,922 [INFO] IPUIPlugin:80 - create IPUIPlugin
2026-02-24 19:49:14,922 [INFO] PluginManager:220 - loadIPPluginJar : add dma
2026-02-24 19:49:14,927 [INFO] IPUIPlugin:80 - create IPUIPlugin
2026-02-24 19:49:14,927 [INFO] PluginManager:220 - loadIPPluginJar : add fmc
2026-02-24 19:49:14,930 [INFO] IPUIPlugin:80 - create IPUIPlugin
2026-02-24 19:49:14,930 [INFO] PluginManager:220 - loadIPPluginJar : add i2s
2026-02-24 19:49:14,932 [INFO] IPUIPlugin:80 - create IPUIPlugin
2026-02-24 19:49:14,932 [INFO] PluginManager:220 - loadIPPluginJar : add ucpd
2026-02-24 19:49:14,935 [INFO] IPUIPlugin:80 - create IPUIPlugin
2026-02-24 19:49:14,935 [INFO] PluginManager:220 - loadIPPluginJar : add lorawan
2026-02-24 19:49:14,938 [INFO] IPUIPlugin:80 - create IPUIPlugin
2026-02-24 19:49:14,939 [INFO] PluginManager:220 - loadIPPluginJar : add opamp
2026-02-24 19:49:14,941 [INFO] IPUIPlugin:80 - create IPUIPlugin
2026-02-24 19:49:14,941 [INFO] PluginManager:220 - loadIPPluginJar : add i3c
2026-02-24 19:49:14,945 [INFO] IPUIPlugin:80 - create IPUIPlugin
2026-02-24 19:49:14,946 [INFO] PluginManager:220 - loadIPPluginJar : add touchsensing
2026-02-24 19:49:14,950 [INFO] IPUIPlugin:80 - create IPUIPlugin
2026-02-24 19:49:14,950 [INFO] PluginManager:220 - loadIPPluginJar : add i2c
2026-02-24 19:49:14,955 [INFO] IPUIPlugin:80 - create IPUIPlugin
2026-02-24 19:49:14,955 [INFO] PluginManager:220 - loadIPPluginJar : add resmgrutility
2026-02-24 19:49:14,958 [INFO] IPUIPlugin:80 - create IPUIPlugin
2026-02-24 19:49:14,958 [INFO] PluginManager:220 - loadIPPluginJar : add sai
2026-02-24 19:49:14,961 [INFO] IPUIPlugin:80 - create IPUIPlugin
2026-02-24 19:49:14,962 [INFO] PluginManager:220 - loadIPPluginJar : add usbx
2026-02-24 19:49:15,170 [FATAL] Updater:351 - Updater called before beeing initialized
2026-02-24 19:49:15,205 [INFO] RulesReader:64 - Compatibility file has been processed (317 Rules)
2026-02-24 19:49:15,216 [INFO] RulesReader:64 - Compatibility file has been processed (317 Rules)
2026-02-24 19:49:15,224 [INFO] CADModel:165 - CPN selected for project level
2026-02-24 19:49:15,224 [INFO] CADModel:114 - Register for checkConnection events
2026-02-24 19:49:15,224 [FATAL] Updater:351 - Updater called before beeing initialized
2026-02-24 19:49:15,224 [ERROR] CADModel:125 - Updater not yet initialized, retry later 
2026-02-24 19:49:15,420 [FATAL] Updater:351 - Updater called before beeing initialized
2026-02-24 19:49:15,422 [INFO] CADModel:165 - CPN selected for project level
2026-02-24 19:49:15,423 [INFO] CADModel:114 - Register for checkConnection events
2026-02-24 19:49:15,423 [FATAL] Updater:351 - Updater called before beeing initialized
2026-02-24 19:49:15,423 [ERROR] CADModel:125 - Updater not yet initialized, retry later 
2026-02-24 19:49:15,427 [FATAL] Updater:351 - Updater called before beeing initialized
2026-02-24 19:49:15,508 [FATAL] Updater:351 - Updater called before beeing initialized
2026-02-24 19:49:15,515 [INFO] DbMcusAds:53 - JSON generation date=Tue Feb 10 06:16:36 CST 2026 (1770725796257)
2026-02-24 19:49:15,515 [FATAL] Updater:351 - Updater called before beeing initialized
2026-02-24 19:49:15,579 [WARN] DetailPanel:346 - Failed to get advertising image, set to default
2026-02-24 19:49:15,731 [FATAL] Updater:351 - Updater called before beeing initialized
2026-02-24 19:49:15,734 [FATAL] Updater:351 - Updater called before beeing initialized
2026-02-24 19:49:15,734 [FATAL] Updater:351 - Updater called before beeing initialized
2026-02-24 19:49:15,735 [WARN] DetailPanel:346 - Failed to get advertising image, set to default
2026-02-24 19:49:15,738 [FATAL] Updater:351 - Updater called before beeing initialized
2026-02-24 19:49:15,788 [ERROR] Updater:1198 - MainUpdater not yet initialized. External WinMGr cannot be set.
2026-02-24 19:49:15,789 [INFO] Updater:1134 - Updater Version found : 6.15.0
2026-02-24 19:49:15,818 [INFO] ApplicationProperties:184 - Using Application install path: /Applications/STM32CubeIDE.app/Contents/Eclipse/plugins/com.st.stm32cube.common.mx_6.15.0.202507011659
2026-02-24 19:49:16,174 [INFO] MainUpdater:2872 - connection check result : 10
2026-02-24 19:49:16,174 [INFO] MainUpdater:3604 - Updater definition file requires update
2026-02-24 19:49:16,175 [INFO] MainUpdater:289 - Updater Check For Update Now.
2026-02-24 19:49:16,175 [INFO] MicroXplorer:498 - Change Database Version : DB.6.0.150
2026-02-24 19:49:16,180 [INFO] McuFinderGlobals:63 - Set McuFinder mode to 2 (CubeIDE integrated)
2026-02-24 19:49:16,181 [INFO] UserAuth:487 - Internet connection configuration mode: 1
2026-02-24 19:49:16,205 [INFO] JxBrowserEngine:152 - Initiate JxBrowser Engine with user profile folder
2026-02-24 19:49:16,206 [INFO] ServerAccessManage:452 - Complete download http(s) 200
2026-02-24 19:49:16,207 [INFO] ServerAccessManage:509 - Download File updaters.zip
2026-02-24 19:49:16,265 [INFO] FileExtend:248 - Unzip File : updaters.zip
2026-02-24 19:49:16,265 [INFO] FileExtend:263 - Standard Zip Deflate
2026-02-24 19:49:16,491 [INFO] ServerAccessManage:452 - Complete download http(s) 200
2026-02-24 19:49:16,491 [INFO] ServerAccessManage:509 - Download File PacksControlFlags.xml
2026-02-24 19:49:16,553 [INFO] ServerAccessManage:452 - Complete download http(s) 200
2026-02-24 19:49:16,553 [INFO] ServerAccessManage:509 - Download File cubemx.pidx
2026-02-24 19:49:16,651 [INFO] LoadServerUpdatesThread:375 - End of LoadServerUpdate Thread
2026-02-24 19:49:16,810 [INFO] CheckServerUpdateThread:120 - End of CheckServer Thread
2026-02-24 19:49:17,177 [WARN] PackLoader:240 - Cannot read IP mode file for STMicroelectronics.FP-SNS-MOTENVWB1.1.4.0
2026-02-24 19:49:17,191 [WARN] PackLoader:240 - Cannot read IP mode file for STMicroelectronics.X-CUBE-SMBUS.2.1.0
2026-02-24 19:49:17,196 [WARN] PackLoader:240 - Cannot read IP mode file for STMicroelectronics.X-CUBE-ST60.1.0.0
2026-02-24 19:49:17,231 [WARN] PackLoader:240 - Cannot read IP mode file for STMicroelectronics.X-CUBE-AZRTOS-F7.1.1.0
2026-02-24 19:49:17,242 [WARN] PackLoader:240 - Cannot read IP mode file for Cesanta.I-CUBE-Mongoose.7.19.0
2026-02-24 19:49:17,246 [WARN] PackLoader:240 - Cannot read IP mode file for STMicroelectronics.FP-SNS-MOTENV1.5.1.0
2026-02-24 19:49:17,257 [WARN] PackLoader:240 - Cannot read IP mode file for WES.I-CUBE-Cesium.1.4.0
2026-02-24 19:49:17,261 [WARN] PackLoader:240 - Cannot read IP mode file for STMicroelectronics.FP-SNS-FLIGHT1.5.0.2
2026-02-24 19:49:17,289 [WARN] PackLoader:240 - Cannot read IP mode file for Infineon.AIROC-Wi-Fi-Bluetooth-STM32.1.7.1
2026-02-24 19:49:17,324 [WARN] PackLoader:240 - Cannot read IP mode file for STMicroelectronics.X-CUBE-AZRTOS-H7.3.4.0
2026-02-24 19:49:17,336 [WARN] PackLoader:240 - Cannot read IP mode file for STMicroelectronics.X-CUBE-DISPLAY.3.0.0
2026-02-24 19:49:17,346 [WARN] PackLoader:240 - Cannot read IP mode file for STMicroelectronics.X-CUBE-BLE1.7.0.0
2026-02-24 19:49:17,353 [WARN] PackLoader:240 - Cannot read IP mode file for STMicroelectronics.X-CUBE-NFC10.1.0.0
2026-02-24 19:49:17,368 [WARN] PackLoader:240 - Cannot read IP mode file for STMicroelectronics.X-CUBE-BLEMGR.4.0.0
2026-02-24 19:49:17,395 [WARN] PackLoader:240 - Cannot read IP mode file for STMicroelectronics.X-CUBE-ST60.1.1.0
2026-02-24 19:49:17,404 [WARN] PackLoader:240 - Cannot read IP mode file for emotas.I-CUBE-CANOPEN.1.3.0
2026-02-24 19:49:17,411 [WARN] PackLoader:240 - Cannot read IP mode file for STMicroelectronics.X-CUBE-GNSS1.7.1.0
2026-02-24 19:49:17,417 [WARN] PackLoader:240 - Cannot read IP mode file for STMicroelectronics.X-CUBE-AI.10.0.0
2026-02-24 19:49:17,427 [WARN] PackLoader:240 - Cannot read IP mode file for STMicroelectronics.FP-SNS-STBOX1.2.1.0
2026-02-24 19:49:17,437 [WARN] PackLoader:240 - Cannot read IP mode file for STMicroelectronics.FP-SNS-SMARTAG2.1.2.0
2026-02-24 19:49:17,449 [WARN] PackLoader:240 - Cannot read IP mode file for STMicroelectronics.FP-SNS-FLIGHT1.5.1.0
2026-02-24 19:49:17,554 [WARN] PackLoader:240 - Cannot read IP mode file for STMicroelectronics.X-CUBE-MEMS1.11.1.0
2026-02-24 19:49:17,731 [INFO] LogOutputStream:77 - [STDOUT_REDIRECT] 1 : Invalid condition id : UX_CORESTACK_Condition cause : null
2026-02-24 19:49:17,731 [INFO] LogOutputStream:77 - [STDOUT_REDIRECT] 1 : Invalid condition id : UX_CORESTACK_Condition cause : null
2026-02-24 19:49:17,732 [INFO] LogOutputStream:77 - [STDOUT_REDIRECT] 1 : Invalid condition id : UX_CORESTACK_Condition cause : null
2026-02-24 19:49:17,732 [INFO] LogOutputStream:77 - [STDOUT_REDIRECT] 1 : Invalid condition id : UX_CORESTACK_Condition cause : null
2026-02-24 19:49:17,732 [INFO] LogOutputStream:77 - [STDOUT_REDIRECT] 1 : Invalid condition id : UX_CORESTACK_Condition cause : null
2026-02-24 19:49:17,735 [WARN] PackLoader:240 - Cannot read IP mode file for STMicroelectronics.X-CUBE-AZRTOS-WL.2.0.0
2026-02-24 19:49:17,740 [WARN] PackLoader:240 - Cannot read IP mode file for STMicroelectronics.FP-SNS-MOTENV1.5.0.0
2026-02-24 19:49:17,757 [WARN] PackLoader:240 - Cannot read IP mode file for STMicroelectronics.X-CUBE-AZRTOS-H7RS.1.2.0
2026-02-24 19:49:17,776 [WARN] PackLoader:240 - Cannot read IP mode file for STMicroelectronics.X-CUBE-BLE2.3.3.0
2026-02-24 19:49:17,806 [WARN] PackLoader:240 - Cannot read IP mode file for STMicroelectronics.X-CUBE-NFC9.1.0.0
2026-02-24 19:49:17,815 [WARN] PackLoader:240 - Cannot read IP mode file for wolfSSL.I-CUBE-wolfSSL.5.8.2
2026-02-24 19:49:17,819 [WARN] PackLoader:240 - Cannot read IP mode file for wolfSSL.I-CUBE-wolfMQTT.1.19.2
2026-02-24 19:49:17,826 [WARN] PackLoader:240 - Cannot read IP mode file for STMicroelectronics.X-CUBE-FREERTOS.1.4.0
2026-02-24 19:49:17,864 [WARN] PackLoader:240 - Cannot read IP mode file for STMicroelectronics.X-CUBE-EEPRMA1.5.2.0
2026-02-24 19:49:17,889 [WARN] PackLoader:240 - Cannot read IP mode file for STMicroelectronics.X-CUBE-ST67W61.1.1.0
2026-02-24 19:49:17,941 [WARN] PackLoader:240 - Cannot read IP mode file for STMicroelectronics.X-CUBE-MEMS1.12.0.0
2026-02-24 19:49:18,092 [WARN] PackLoader:240 - Cannot read IP mode file for STMicroelectronics.X-CUBE-AZRTOS-G0.1.1.0
2026-02-24 19:49:18,131 [WARN] PackLoader:240 - Cannot read IP mode file for STMicroelectronics.X-CUBE-SAFEA1.1.2.2
2026-02-24 19:49:18,173 [WARN] PackLoader:240 - Cannot read IP mode file for STMicroelectronics.X-CUBE-NFC4.3.0.0
2026-02-24 19:49:18,234 [WARN] PackLoader:240 - Cannot read IP mode file for EmbeddedOffice.I-CUBE-FS-RTOS.1.0.1
2026-02-24 19:49:18,343 [WARN] PackLoader:240 - Cannot read IP mode file for STMicroelectronics.X-CUBE-WB05N.2.0.0
2026-02-24 19:49:18,388 [WARN] PackLoader:240 - Cannot read IP mode file for wolfSSL.I-CUBE-wolfTPM.3.8.0
2026-02-24 19:49:18,420 [INFO] WebApp:169 - Instantiating new browser for Auth
2026-02-24 19:49:18,444 [WARN] PackLoader:240 - Cannot read IP mode file for RealThread.X-CUBE-RT-Thread_Nano.4.1.1
2026-02-24 19:49:18,485 [WARN] PackLoader:240 - Cannot read IP mode file for STMicroelectronics.FP-ATR-SIGFOX1.3.2.0
2026-02-24 19:49:18,545 [WARN] PackLoader:240 - Cannot read IP mode file for STMicroelectronics.X-CUBE-EEPRMA1.5.1.0
2026-02-24 19:49:18,694 [WARN] PackLoader:240 - Cannot read IP mode file for ITTIA_DB.I-CUBE-ITTIADB.8.9.0
2026-02-24 19:49:18,855 [WARN] PackLoader:240 - Cannot read IP mode file for STMicroelectronics.X-CUBE-NFC6.3.2.0
2026-02-24 19:49:18,898 [WARN] PackLoader:240 - Cannot read IP mode file for STMicroelectronics.X-CUBE-ST67W61.1.0.0
2026-02-24 19:49:18,952 [WARN] PackLoader:240 - Cannot read IP mode file for STMicroelectronics.X-CUBE-AI.10.2.0
2026-02-24 19:49:19,048 [WARN] PackLoader:240 - Cannot read IP mode file for SEGGER.I-CUBE-embOS.1.3.1
2026-02-24 19:49:19,181 [WARN] PackLoader:240 - Cannot read IP mode file for STMicroelectronics.X-CUBE-ALGOBUILD.1.4.0
2026-02-24 19:49:19,239 [WARN] PackLoader:240 - Cannot read IP mode file for STMicroelectronics.X-CUBE-MEMS1.11.3.0
2026-02-24 19:49:19,428 [WARN] PackLoader:240 - Cannot read IP mode file for STMicroelectronics.X-CUBE-PM33A1.1.0.0
2026-02-24 19:49:19,488 [WARN] PackLoader:240 - Cannot read IP mode file for STMicroelectronics.X-CUBE-AZRTOS-F4.1.1.0
2026-02-24 19:49:19,558 [WARN] PackLoader:240 - Cannot read IP mode file for STMicroelectronics.X-CUBE-ISPU.2.1.0
2026-02-24 19:49:19,613 [INFO] WebApp:463 - Apply proxy settings
2026-02-24 19:49:19,620 [INFO] WebApp:508 - Chromium authenticates against Manually configured proxy
2026-02-24 19:49:19,659 [INFO] WebApp:516 - Username used for proxy authentication: 
2026-02-24 19:49:19,707 [INFO] WebApp:900 - Register for checkConnection events
2026-02-24 19:49:19,743 [INFO] WebApp:463 - Apply proxy settings
2026-02-24 19:49:19,748 [WARN] PackLoader:240 - Cannot read IP mode file for STMicroelectronics.X-CUBE-IPS.3.2.0
2026-02-24 19:49:19,766 [INFO] WebApp:508 - Chromium authenticates against Manually configured proxy
2026-02-24 19:49:19,801 [INFO] WebApp:516 - Username used for proxy authentication: 
2026-02-24 19:49:19,841 [WARN] PackLoader:240 - Cannot read IP mode file for STMicroelectronics.X-CUBE-NFC12.1.0.0
2026-02-24 19:49:19,939 [WARN] PackLoader:240 - Cannot read IP mode file for STMicroelectronics.X-CUBE-AZRTOS-L5.2.0.0
2026-02-24 19:49:19,996 [WARN] PackLoader:240 - Cannot read IP mode file for STMicroelectronics.X-CUBE-NFC6.3.1.0
2026-02-24 19:49:20,063 [INFO] WebApp:225 - Starting web application
2026-02-24 19:49:20,072 [INFO] WebApp:593 - Web application path used /Applications/STM32CubeIDE.app/Contents/Eclipse/plugins/com.st.stm32cube.common.mx_6.15.0.202507011659/db/plugins/mcufinder/reactClient1/index.html
2026-02-24 19:49:20,148 [WARN] PackLoader:240 - Cannot read IP mode file for STMicroelectronics.X-CUBE-DPower.1.2.0
2026-02-24 19:49:20,243 [WARN] PackLoader:240 - Cannot read IP mode file for STMicroelectronics.X-CUBE-FREERTOS.1.3.1
2026-02-24 19:49:20,302 [WARN] PackLoader:240 - Cannot read IP mode file for STMicroelectronics.X-CUBE-FREERTOS.1.3.0
2026-02-24 19:49:20,309 [INFO] UserAuth:487 - Internet connection configuration mode: 1
2026-02-24 19:49:20,449 [WARN] PackLoader:240 - Cannot read IP mode file for STMicroelectronics.X-CUBE-NFC7.1.0.1
2026-02-24 19:49:20,586 [WARN] PackLoader:240 - Cannot read IP mode file for STMicroelectronics.X-CUBE-TOUCHGFX.4.26.0
2026-02-24 19:49:20,663 [WARN] PackLoader:240 - Cannot read IP mode file for STMicroelectronics.FP-SNS-STAIOTCFT.1.0.0
2026-02-24 19:49:20,743 [WARN] PackLoader:240 - Cannot read IP mode file for STMicroelectronics.X-CUBE-DPower.1.3.0
2026-02-24 19:49:20,823 [INFO] WebApp:191 - Connection restablished
2026-02-24 19:49:20,846 [WARN] ConditionMgr:438 - getConditionDescription Invalid condition id : LAN8742 Phy interface Condition cause : null
2026-02-24 19:49:20,865 [WARN] PackLoader:240 - Cannot read IP mode file for STMicroelectronics.X-CUBE-AZRTOS-L4.2.0.0
2026-02-24 19:49:20,887 [WARN] ConditionMgr:1044 - genDependencies : Invalid condition id : LAN8742 Phy interface Condition cause : null
2026-02-24 19:49:20,905 [WARN] ConditionMgr:1044 - genDependencies : Invalid condition id : LAN8742 Phy interface Condition cause : null
2026-02-24 19:49:20,927 [WARN] ConditionMgr:1044 - genDependencies : Invalid condition id : LAN8742 Phy interface Condition cause : null
2026-02-24 19:49:21,060 [WARN] PackLoader:240 - Cannot read IP mode file for STMicroelectronics.X-CUBE-SFXS2LP1.4.0.0
2026-02-24 19:49:21,127 [WARN] PackLoader:240 - Cannot read IP mode file for STMicroelectronics.X-CUBE-ST67W61.1.2.0
2026-02-24 19:49:21,221 [WARN] PackLoader:240 - Cannot read IP mode file for STMicroelectronics.X-CUBE-BLEMGR.4.1.0
2026-02-24 19:49:21,297 [WARN] ConditionMgr:438 - getConditionDescription Invalid condition id : UX DEVICE CLASS RTOS Condition cause : null
2026-02-24 19:49:21,330 [WARN] ConditionMgr:438 - getConditionDescription Invalid condition id : UX DEVICE CLASS RTOS Condition cause : null
2026-02-24 19:49:21,368 [WARN] PackLoader:240 - Cannot read IP mode file for STMicroelectronics.X-CUBE-AZRTOS-WB.2.0.0
2026-02-24 19:49:21,404 [WARN] ConditionMgr:1044 - genDependencies : Invalid condition id : UX DEVICE CLASS RTOS Condition cause : null
2026-02-24 19:49:21,438 [WARN] ConditionMgr:1044 - genDependencies : Invalid condition id : UX DEVICE CLASS RTOS Condition cause : null
2026-02-24 19:49:21,440 [WARN] ConditionMgr:1044 - genDependencies : Invalid condition id : UX DEVICE CLASS RTOS Condition cause : null
2026-02-24 19:49:21,476 [WARN] ConditionMgr:1044 - genDependencies : Invalid condition id : UX DEVICE CLASS RTOS Condition cause : null
2026-02-24 19:49:21,499 [WARN] ConditionMgr:1044 - genDependencies : Invalid condition id : UX DEVICE CLASS RTOS Condition cause : null
2026-02-24 19:49:21,542 [WARN] PackLoader:240 - Cannot read IP mode file for STMicroelectronics.X-CUBE-GNSS1.7.0.1
2026-02-24 19:49:21,590 [WARN] PackLoader:240 - Cannot read IP mode file for STMicroelectronics.X-CUBE-TOUCHGFX.4.25.0
2026-02-24 19:49:21,631 [WARN] PackLoader:240 - Cannot read IP mode file for STMicroelectronics.FP-SNS-STBOX1.2.0.0
2026-02-24 19:49:21,707 [WARN] ConditionMgr:438 - getConditionDescription Invalid condition id : Cortex-A Device cause : null
2026-02-24 19:49:21,876 [WARN] ConditionMgr:1044 - genDependencies : Invalid condition id : Cortex-A Device cause : null
2026-02-24 19:49:21,892 [WARN] ConditionMgr:1044 - genDependencies : Invalid condition id : Cortex-A Device cause : null
2026-02-24 19:49:21,912 [WARN] ConditionMgr:1044 - genDependencies : Invalid condition id : Cortex-A Device cause : null
2026-02-24 19:49:22,005 [WARN] PackLoader:240 - Cannot read IP mode file for STMicroelectronics.X-CUBE-STSE01.2.0.0
2026-02-24 19:49:22,046 [WARN] PackLoader:240 - Cannot read IP mode file for STMicroelectronics.X-CUBE-SUBG2.5.0.0
2026-02-24 19:49:22,090 [WARN] PackLoader:240 - Cannot read IP mode file for STMicroelectronics.X-CUBE-AZRTOS-H7RS.1.1.0
2026-02-24 19:49:22,152 [WARN] PackLoader:240 - Cannot read IP mode file for STMicroelectronics.X-CUBE-AZRTOS-G4.2.0.0
2026-02-24 19:49:22,190 [WARN] PackLoader:240 - Cannot read IP mode file for wolfSSL.I-CUBE-wolfSSH.1.4.20
2026-02-24 19:49:22,197 [WARN] PackLoader:240 - Cannot read IP mode file for STMicroelectronics.X-CUBE-NFC7.2.0.0
2026-02-24 19:49:22,205 [WARN] PackLoader:240 - Cannot read IP mode file for STMicroelectronics.X-CUBE-IPS.3.1.0
2026-02-24 19:49:22,215 [WARN] PackLoader:240 - Cannot read IP mode file for STMicroelectronics.X-CUBE-ALS.1.0.2
2026-02-24 19:49:22,219 [WARN] PackLoader:240 - Cannot read IP mode file for STMicroelectronics.X-CUBE-TOUCHGFX.4.24.2
2026-02-24 19:49:22,224 [WARN] PackLoader:240 - Cannot read IP mode file for STMicroelectronics.X-CUBE-STSE01.1.0.0
2026-02-24 19:49:22,235 [WARN] PackLoader:240 - Cannot read IP mode file for STMicroelectronics.X-CUBE-TOF1.3.4.2
2026-02-24 19:49:22,248 [WARN] PackLoader:240 - Cannot read IP mode file for STMicroelectronics.X-CUBE-TOF1.3.4.3
2026-02-24 19:49:22,254 [INFO] ThirdParty:978 - Integrity check success = true
2026-02-24 19:49:22,254 [INFO] IntegrityCheckThread:100 - exiting critical section [integrity check]
2026-02-24 19:49:22,254 [INFO] IntegrityCheckThread:103 - End integrity checks thread
2026-02-24 21:07:25,108 [INFO] WebApp:194 - Connection lost
2026-02-24 21:07:29,255 [INFO] WebApp:191 - Connection restablished
2026-02-24 21:08:09,130 [INFO] WebApp:194 - Connection lost
2026-02-24 21:08:18,760 [INFO] WebApp:191 - Connection restablished
2026-02-24 21:10:19,569 [INFO] WebApp:194 - Connection lost
2026-02-24 21:10:25,217 [INFO] WebApp:191 - Connection restablished
2026-02-24 21:11:03,952 [INFO] WebApp:194 - Connection lost
2026-02-24 21:11:08,486 [INFO] WebApp:191 - Connection restablished
2026-02-24 21:12:21,656 [INFO] WebApp:194 - Connection lost
2026-02-24 21:12:28,061 [INFO] WebApp:191 - Connection restablished
2026-02-24 21:13:01,339 [INFO] WebApp:194 - Connection lost
2026-02-24 21:13:06,435 [INFO] WebApp:191 - Connection restablished
2026-02-24 21:13:42,172 [INFO] WebApp:194 - Connection lost
2026-02-24 21:13:48,002 [INFO] WebApp:191 - Connection restablished
2026-02-24 21:14:35,731 [INFO] WebApp:194 - Connection lost
2026-02-24 21:14:40,972 [INFO] WebApp:191 - Connection restablished
2026-02-24 21:15:21,364 [INFO] WebApp:194 - Connection lost
2026-02-24 21:15:27,243 [INFO] WebApp:191 - Connection restablished
2026-02-24 21:16:15,215 [INFO] WebApp:194 - Connection lost
2026-02-24 21:16:20,759 [INFO] WebApp:191 - Connection restablished
2026-02-24 21:17:31,847 [INFO] WebApp:194 - Connection lost
2026-02-24 21:19:36,209 [INFO] WebApp:191 - Connection restablished
2026-02-24 21:21:05,238 [INFO] WebApp:194 - Connection lost
2026-02-24 22:47:06,512 [INFO] WebApp:191 - Connection restablished
