../Core/Src/main.c:101:5:__io_putchar	1
../Core/Src/main.c:106:7:adc_to_voltage	1
../Core/Src/main.c:120:7:compute_temp	1
../Core/Src/main.c:127:7:compute_hall	1
../Core/Src/main.c:131:6:update_temp_sensors	2
../Core/Src/main.c:145:6:update_hall_sensors	2
../Core/Src/main.c:154:6:print_temp_data	2
../Core/Src/main.c:167:6:print_temp_packet	1
../Core/Src/main.c:177:6:print_hall_packet	1
../Core/Src/main.c:193:5:main	1
../Core/Src/main.c:257:6:SystemClock_Config	3
../Core/Src/main.c:305:13:MX_ADC1_Init	8
../Core/Src/main.c:402:13:MX_ADC2_Init	5
../Core/Src/main.c:472:13:MX_CAN2_Init	2
../Core/Src/main.c:509:13:MX_USART2_UART_Init	2
../Core/Src/main.c:540:13:MX_DMA_Init	1
../Core/Src/main.c:561:13:MX_GPIO_Init	1
../Core/Src/main.c:592:6:Error_Handler	1
