../Core/Src/main.c:118:5:_write	1
../Core/Src/main.c:123:7:adc_to_voltage	1
../Core/Src/main.c:141:7:compute_temp	1
../Core/Src/main.c:148:7:compute_hall	1
../Core/Src/main.c:152:6:update_temp_sensors	2
../Core/Src/main.c:177:6:update_hall_sensors	2
../Core/Src/main.c:191:6:print_temp_data	2
../Core/Src/main.c:204:6:print_temp_packet	1
../Core/Src/main.c:214:6:print_hall_packet	1
../Core/Src/main.c:230:5:main	2
../Core/Src/main.c:296:6:SystemClock_Config	3
../Core/Src/main.c:344:13:MX_ADC1_Init	8
../Core/Src/main.c:428:13:MX_ADC2_Init	5
../Core/Src/main.c:491:13:MX_CAN2_Init	2
../Core/Src/main.c:528:13:MX_USART2_UART_Init	2
../Core/Src/main.c:559:13:MX_DMA_Init	1
../Core/Src/main.c:580:13:MX_GPIO_Init	1
../Core/Src/main.c:611:6:Error_Handler	1
