../Core/Src/main.c:94:5:__io_putchar	16	static
../Core/Src/main.c:99:7:adc_to_voltage	16	static
../Core/Src/main.c:103:7:compute_temp	40	static
../Core/Src/main.c:109:7:compute_hall	4	static
../Core/Src/main.c:113:6:update_temp_sensors	16	static
../Core/Src/main.c:130:6:print_temp_data	64	static
../Core/Src/main.c:149:5:main	8	static
../Core/Src/main.c:210:6:SystemClock_Config	88	static
../Core/Src/main.c:258:13:MX_ADC1_Init	24	static
../Core/Src/main.c:398:13:MX_ADC2_Init	24	static
../Core/Src/main.c:450:13:MX_CAN2_Init	8	static
../Core/Src/main.c:487:13:MX_USART1_UART_Init	8	static
../Core/Src/main.c:518:13:MX_DMA_Init	16	static
../Core/Src/main.c:536:13:MX_GPIO_Init	40	static
../Core/Src/main.c:567:6:Error_Handler	4	static,ignoring_inline_asm
